WARNING: We recommend using a newer Android Gradle plugin to use compileSdk = 35

This Android Gradle plugin (8.5.2) was tested up to compileSdk = 34.

You are strongly encouraged to update your project to use a newer
Android Gradle plugin that has been tested with compileSdk = 35.

If you are already using the latest version of the Android Gradle plugin,
you may need to wait until a newer version with support for compileSdk = 35 is available.

For more information refer to the compatibility table:
https://d.android.com/r/tools/api-level-support

To suppress this warning, add/update
    android.suppressUnsupportedCompileSdk=35
to this project's gradle.properties.
> Task :app:checkKotlinGradlePluginConfigurationErrors SKIPPED
> Task :app:preBuild UP-TO-DATE
> Task :app:preDebugBuild UP-TO-DATE
> Task :app:generateDebugBuildConfig UP-TO-DATE
> Task :app:checkDebugAarMetadata UP-TO-DATE
> Task :app:generateDebugResValues UP-TO-DATE
> Task :app:mapDebugSourceSetPaths UP-TO-DATE
> Task :app:generateDebugResources UP-TO-DATE
> Task :app:mergeDebugResources UP-TO-DATE
> Task :app:packageDebugResources UP-TO-DATE
> Task :app:parseDebugLocalResources UP-TO-DATE
> Task :app:createDebugCompatibleScreenManifests UP-TO-DATE
> Task :app:extractDeepLinksDebug UP-TO-DATE
> Task :app:processDebugMainManifest UP-TO-DATE
> Task :app:processDebugManifest UP-TO-DATE
> Task :app:processDebugManifestForPackage UP-TO-DATE
> Task :app:processDebugResources UP-TO-DATE
> Task :app:kspDebugKotlin UP-TO-DATE

> Task :app:compileDebugKotlin FAILED
.\gradlew : e: file:///C:/Users/particular/Desktop/App%20alembrar/ClipboardReminderApp/app/src/main/java/com/clipboardr
eminder/ui/screen/FieldListScreen.kt:77:17 No parameter with name 'isSearchActive' found.
No linha:1 caractere:1
+ .\gradlew app:compileDebugKotlin > build_output.txt 2>&1
+ ~~~~~~~~~~~~~~~~~~~~~~~~~~~~~~~~~~~~~~~~~~~~~~~~~~~~~~~~
    + CategoryInfo          : NotSpecified: (e: file:///C:/U...hActive' found.:String) [], RemoteException
    + FullyQualifiedErrorId : NativeCommandError
 
e: file:///C:/Users/particular/Desktop/App%20alembrar/ClipboardReminderApp/app/src/main/java/com/clipboardreminder/ui/s
creen/FieldListScreen.kt:119:17 Unresolved reference 'EmptyFieldsPlaceholder'.
e: file:///C:/Users/particular/Desktop/App%20alembrar/ClipboardReminderApp/app/src/main/java/com/clipboardreminder/ui/s
creen/FieldListScreen.kt:174:9 Unresolved reference 'FieldDialog'.
e: file:///C:/Users/particular/Desktop/App%20alembrar/ClipboardReminderApp/app/src/main/java/com/clipboardreminder/ui/s
creen/FieldListScreen.kt:178:27 Cannot infer type for this parameter. Please specify it explicitly.
e: file:///C:/Users/particular/Desktop/App%20alembrar/ClipboardReminderApp/app/src/main/java/com/clipboardreminder/ui/s
creen/FieldListScreen.kt:178:33 Cannot infer type for this parameter. Please specify it explicitly.
e: file:///C:/Users/particular/Desktop/App%20alembrar/ClipboardReminderApp/app/src/main/java/com/clipboardreminder/ui/s
creen/FieldListScreen.kt:187:19 Cannot infer type for this parameter. Please specify it explicitly.
e: file:///C:/Users/particular/Desktop/App%20alembrar/ClipboardReminderApp/app/src/main/java/com/clipboardreminder/ui/s
creen/FieldListScreen.kt:187:23 Cannot infer type for this parameter. Please specify it explicitly.
e: file:///C:/Users/particular/Desktop/App%20alembrar/ClipboardReminderApp/app/src/main/java/com/clipboardreminder/ui/s
creen/FieldListScreen.kt:188:9 Unresolved reference 'FieldDialog'.
e: file:///C:/Users/particular/Desktop/App%20alembrar/ClipboardReminderApp/app/src/main/java/com/clipboardreminder/ui/s
creen/FieldListScreen.kt:192:27 Cannot infer type for this parameter. Please specify it explicitly.
e: file:///C:/Users/particular/Desktop/App%20alembrar/ClipboardReminderApp/app/src/main/java/com/clipboardreminder/ui/s
creen/FieldListScreen.kt:192:33 Cannot infer type for this parameter. Please specify it explicitly.
e: file:///C:/Users/particular/Desktop/App%20alembrar/ClipboardReminderApp/app/src/main/java/com/clipboardreminder/ui/s
creen/FieldListScreen.kt:215:13 Cannot infer type for this parameter. Please specify it explicitly.
e: file:///C:/Users/particular/Desktop/App%20alembrar/ClipboardReminderApp/app/src/main/java/com/clipboardreminder/ui/s
creen/FieldListScreen.kt:216:31 Unresolved reference 'isSearchActive'.
e: file:///C:/Users/particular/Desktop/App%20alembrar/ClipboardReminderApp/app/src/main/java/com/clipboardreminder/ui/s
creen/FieldListScreen.kt:221:17 Cannot infer type for this parameter. Please specify it explicitly.
e: file:///C:/Users/particular/Desktop/App%20alembrar/ClipboardReminderApp/app/src/main/java/com/clipboardreminder/ui/s
creen/FieldListScreen.kt:223:21 @Composable invocations can only happen from the context of a @Composable function
e: file:///C:/Users/particular/Desktop/App%20alembrar/ClipboardReminderApp/app/src/main/java/com/clipboardreminder/ui/s
creen/FieldListScreen.kt:228:60 @Composable invocations can only happen from the context of a @Composable function
e: file:///C:/Users/particular/Desktop/App%20alembrar/ClipboardReminderApp/app/src/main/java/com/clipboardreminder/ui/s
creen/FieldListScreen.kt:231:67 @Composable invocations can only happen from the context of a @Composable function
e: file:///C:/Users/particular/Desktop/App%20alembrar/ClipboardReminderApp/app/src/main/java/com/clipboardreminder/ui/s
creen/FieldListScreen.kt:232:69 @Composable invocations can only happen from the context of a @Composable function
e: file:///C:/Users/particular/Desktop/App%20alembrar/ClipboardReminderApp/app/src/main/java/com/clipboardreminder/ui/s
creen/FieldListScreen.kt:240:21 @Composable invocations can only happen from the context of a @Composable function
e: file:///C:/Users/particular/Desktop/App%20alembrar/ClipboardReminderApp/app/src/main/java/com/clipboardreminder/ui/s
creen/FieldListScreen.kt:272:42 Unresolved reference 'isSearchActive'.
e: file:///C:/Users/particular/Desktop/App%20alembrar/ClipboardReminderApp/app/src/main/java/com/clipboardreminder/ui/s
creen/FieldListScreen.kt:279:43 Unresolved reference 'isSearchActive'.
e: file:///C:/Users/particular/Desktop/App%20alembrar/ClipboardReminderApp/app/src/main/java/com/clipboardreminder/ui/s
creen/FieldListScreen.kt:444:1 Modifier 'private' is not applicable to 'local function'.
e: file:///C:/Users/particular/Desktop/App%20alembrar/ClipboardReminderApp/app/src/main/java/com/clipboardreminder/ui/s
creen/FieldListScreen.kt:480:1 Modifier 'private' is not applicable to 'local function'.
e: file:///C:/Users/particular/Desktop/App%20alembrar/ClipboardReminderApp/app/src/main/java/com/clipboardreminder/ui/s
creen/ReminderListScreen.kt:174:13 Unresolved reference 'EmptyRemindersPlaceholder'.
e: file:///C:/Users/particular/Desktop/App%20alembrar/ClipboardReminderApp/app/src/main/java/com/clipboardreminder/ui/s
creen/ReminderListScreen.kt:229:9 Unresolved reference 'ReminderDialog'.
e: file:///C:/Users/particular/Desktop/App%20alembrar/ClipboardReminderApp/app/src/main/java/com/clipboardreminder/ui/s
creen/ReminderListScreen.kt:234:27 Cannot infer type for this parameter. Please specify it explicitly.
e: file:///C:/Users/particular/Desktop/App%20alembrar/ClipboardReminderApp/app/src/main/java/com/clipboardreminder/ui/s
creen/ReminderListScreen.kt:234:30 Cannot infer type for this parameter. Please specify it explicitly.
e: file:///C:/Users/particular/Desktop/App%20alembrar/ClipboardReminderApp/app/src/main/java/com/clipboardreminder/ui/s
creen/ReminderListScreen.kt:234:33 Cannot infer type for this parameter. Please specify it explicitly.
e: file:///C:/Users/particular/Desktop/App%20alembrar/ClipboardReminderApp/app/src/main/java/com/clipboardreminder/ui/s
creen/ReminderListScreen.kt:243:22 Cannot infer type for this parameter. Please specify it explicitly.
e: file:///C:/Users/particular/Desktop/App%20alembrar/ClipboardReminderApp/app/src/main/java/com/clipboardreminder/ui/s
creen/ReminderListScreen.kt:243:26 Cannot infer type for this parameter. Please specify it explicitly.
e: file:///C:/Users/particular/Desktop/App%20alembrar/ClipboardReminderApp/app/src/main/java/com/clipboardreminder/ui/s
creen/ReminderListScreen.kt:244:9 Unresolved reference 'ReminderDialog'.
e: file:///C:/Users/particular/Desktop/App%20alembrar/ClipboardReminderApp/app/src/main/java/com/clipboardreminder/ui/s
creen/ReminderListScreen.kt:249:27 Cannot infer type for this parameter. Please specify it explicitly.
e: file:///C:/Users/particular/Desktop/App%20alembrar/ClipboardReminderApp/app/src/main/java/com/clipboardreminder/ui/s
creen/ReminderListScreen.kt:249:30 Cannot infer type for this parameter. Please specify it explicitly.
e: file:///C:/Users/particular/Desktop/App%20alembrar/ClipboardReminderApp/app/src/main/java/com/clipboardreminder/ui/s
creen/ReminderListScreen.kt:249:33 Cannot infer type for this parameter. Please specify it explicitly.
e: file:///C:/Users/particular/Desktop/App%20alembrar/ClipboardReminderApp/app/src/main/java/com/clipboardreminder/ui/s
creen/ReminderListScreen.kt:268:27 Cannot infer type for this parameter. Please specify it explicitly.
e: file:///C:/Users/particular/Desktop/App%20alembrar/ClipboardReminderApp/app/src/main/java/com/clipboardreminder/ui/s
creen/ReminderListScreen.kt:268:31 Cannot infer type for this parameter. Please specify it explicitly.
e: file:///C:/Users/particular/Desktop/App%20alembrar/ClipboardReminderApp/app/src/main/java/com/clipboardreminder/ui/s
creen/ReminderListScreen.kt:269:9 Unresolved reference 'NotificationIntervalDialog'.
e: file:///C:/Users/particular/Desktop/App%20alembrar/ClipboardReminderApp/app/src/main/java/com/clipboardreminder/ui/s
creen/ReminderListScreen.kt:270:27 Cannot infer type for this parameter. Please specify it explicitly.
e: file:///C:/Users/particular/Desktop/App%20alembrar/ClipboardReminderApp/app/src/main/java/com/clipboardreminder/ui/s
creen/ReminderListScreen.kt:423:1 Modifier 'private' is not applicable to 'local function'.
e: file:///C:/Users/particular/Desktop/App%20alembrar/ClipboardReminderApp/app/src/main/java/com/clipboardreminder/ui/s
creen/ReminderListScreen.kt:459:1 Modifier 'private' is not applicable to 'local function'.
e: file:///C:/Users/particular/Desktop/App%20alembrar/ClipboardReminderApp/app/src/main/java/com/clipboardreminder/ui/s
creen/ReminderListScreen.kt:532:1 Modifier 'private' is not applicable to 'local function'.

FAILURE: Build failed with an exception.

* What went wrong:
Execution failed for task ':app:compileDebugKotlin'.
> A failure occurred while executing 
org.jetbrains.kotlin.compilerRunner.GradleCompilerRunnerWithWorkers$GradleKotlinCompilerWorkAction
   > Compilation error. See log for more details

* Try:
> Run with --stacktrace option to get the stack trace.
> Run with --info or --debug option to get more log output.
> Run with --scan to get full insights.
> Get more help at https://help.gradle.org.

BUILD FAILED in 14s
16 actionable tasks: 1 executed, 15 up-to-date
